Invalid command
          
          
          
          
          
          
          
          
          
    ++++  
          
     +++  
          
          
          
          
          
          
          
          
          
PARTS REMAINING:: A : 4 B : 3