          
          
          
          
          
         +
         +
         +
         +
++  ++++ +
          
 ++++  +++
          
          
          
          
          
          
          
          
          
PARTS REMAINING:: A : 11 B : 7
          
          
          
          
          
         +
         +
         +
         +
++  ++++ +
          
 ++++  +++
          
          
          
          
          
          
          
          
          
PARTS REMAINING:: A : 11 B : 7
          
          
          
          
          
         +
         +
         +
         +
++  ++++ +
          
 ++++  +++
          
          
          
          
          
          
          
          
          
PARTS REMAINING:: A : 11 B : 7